[    0.000000] Linux version 4.15.0-194-generic (buildd@lcy02-amd64-052) (gcc version 7.5.0 (Ubuntu 7.5.0-3ubuntu1~18.04)) #205-Ubuntu SMP Fri Sep 16 19:49:27 UTC 2022 (Ubuntu 4.15.0-194.205-generic 4.15.18)
[    0.000000] Command line: BOOT_IMAGE=/boot/vmlinuz-4.15.0-194-generic root=LABEL=cloudimg-rootfs ro console=tty1 console=ttyS0
[    0.000000] KERNEL supported cpus:
[    0.000000]   Intel GenuineIntel
[    0.000000]   AMD AuthenticAMD
[    0.000000]   Centaur CentaurHauls
[    0.000000] x86/fpu: x87 FPU will use FXSAVE
[    0.000000] e820: BIOS-provided physical RAM map:
[    0.000000] BIOS-e820: [mem 0x0000000000000000-0x000000000009fbff] usable
[    0.000000] BIOS-e820: [mem 0x000000000009fc00-0x000000000009ffff] reserved
[    0.000000] BIOS-e820: [mem 0x00000000000f0000-0x00000000000fffff] reserved
[    0.000000] BIOS-e820: [mem 0x0000000000100000-0x000000003ffeffff] usable
[    0.000000] BIOS-e820: [mem 0x000000003fff0000-0x000000003fffffff] ACPI data
[    0.000000] BIOS-e820: [mem 0x00000000fec00000-0x00000000fec00fff] reserved
[    0.000000] BIOS-e820: [mem 0x00000000fee00000-0x00000000fee00fff] reserved
[    0.000000] BIOS-e820: [mem 0x00000000fffc0000-0x00000000ffffffff] reserved
[    0.000000] NX (Execute Disable) protection: active
[    0.000000] SMBIOS 2.5 present.
[    0.000000] DMI: innotek GmbH VirtualBox/VirtualBox, BIOS VirtualBox 12/01/2006
[    0.000000] Hypervisor detected: KVM
[    0.000000] e820: last_pfn = 0x3fff0 max_arch_pfn = 0x400000000
[    0.000000] MTRR: Disabled
[    0.000000] x86/PAT: MTRRs disabled, skipping PAT initialization too.
[    0.000000] CPU MTRRs all blank - virtualized system.
[    0.000000] x86/PAT: Configuration [0-7]: WB  WT  UC- UC  WB  WT  UC- UC  
[    0.000000] found SMP MP-table at [mem 0x0009fff0-0x0009ffff]
[    0.000000] Scanning 1 areas for low memory corruption
[    0.000000] RAMDISK: [mem 0x359cb000-0x36cdcfff]
[    0.000000] ACPI: Early table checksum verification disabled
[    0.000000] ACPI: RSDP 0x00000000000E0000 000024 (v02 VBOX  )
[    0.000000] ACPI: XSDT 0x000000003FFF0030 00003C (v01 VBOX   VBOXXSDT 00000001 ASL  00000061)
[    0.000000] ACPI: FACP 0x000000003FFF00F0 0000F4 (v04 VBOX   VBOXFACP 00000001 ASL  00000061)
[    0.000000] ACPI: DSDT 0x000000003FFF0610 002353 (v02 VBOX   VBOXBIOS 00000002 INTL 20100528)
[    0.000000] ACPI: FACS 0x000000003FFF0200 000040
[    0.000000] ACPI: FACS 0x000000003FFF0200 000040
[    0.000000] ACPI: APIC 0x000000003FFF0240 00005C (v02 VBOX   VBOXAPIC 00000001 ASL  00000061)
[    0.000000] ACPI: SSDT 0x000000003FFF02A0 00036C (v01 VBOX   VBOXCPUT 00000002 INTL 20100528)
[    0.000000] ACPI: Reserving FACP table memory at [mem 0x3fff00f0-0x3fff01e3]
[    0.000000] ACPI: Reserving DSDT table memory at [mem 0x3fff0610-0x3fff2962]
[    0.000000] ACPI: Reserving FACS table memory at [mem 0x3fff0200-0x3fff023f]
[    0.000000] ACPI: Reserving FACS table memory at [mem 0x3fff0200-0x3fff023f]
[    0.000000] ACPI: Reserving APIC table memory at [mem 0x3fff0240-0x3fff029b]
[    0.000000] ACPI: Reserving SSDT table memory at [mem 0x3fff02a0-0x3fff060b]
[    0.000000] No NUMA configuration found
[    0.000000] Faking a node at [mem 0x0000000000000000-0x000000003ffeffff]
[    0.000000] NODE_DATA(0) allocated [mem 0x3ffc5000-0x3ffeffff]
[    0.000000] kvm-clock: cpu 0, msr 0:3ff44001, primary cpu clock
[    0.000000] kvm-clock: Using msrs 4b564d01 and 4b564d00
[    0.000000] kvm-clock: using sched offset of 3937760338 cycles
[    0.000000] clocksource: kvm-clock: mask: 0xffffffffffffffff max_cycles: 0x1cd42e4dffb, max_idle_ns: 881590591483 ns
[    0.000000] Zone ranges:
[    0.000000]   DMA      [mem 0x0000000000001000-0x0000000000ffffff]
[    0.000000]   DMA32    [mem 0x0000000001000000-0x000000003ffeffff]
[    0.000000]   Normal   empty
[    0.000000]   Device   empty
[    0.000000] Movable zone start for each node
[    0.000000] Early memory node ranges
[    0.000000]   node   0: [mem 0x0000000000001000-0x000000000009efff]
[    0.000000]   node   0: [mem 0x0000000000100000-0x000000003ffeffff]
[    0.000000] Reserved but unavailable: 104 pages
[    0.000000] Initmem setup node 0 [mem 0x0000000000001000-0x000000003ffeffff]
[    0.000000] ACPI: PM-Timer IO Port: 0x4008
[    0.000000] IOAPIC[0]: apic_id 2, version 32, address 0xfec00000, GSI 0-23
[    0.000000] ACPI: INT_SRC_OVR (bus 0 bus_irq 0 global_irq 2 dfl dfl)
[    0.000000] ACPI: INT_SRC_OVR (bus 0 bus_irq 9 global_irq 9 low level)
[    0.000000] Using ACPI (MADT) for SMP configuration information
[    0.000000] smpboot: Allowing 2 CPUs, 0 hotplug CPUs
[    0.000000] PM: Registered nosave memory: [mem 0x00000000-0x00000fff]
[    0.000000] PM: Registered nosave memory: [mem 0x0009f000-0x0009ffff]
[    0.000000] PM: Registered nosave memory: [mem 0x000a0000-0x000effff]
[    0.000000] PM: Registered nosave memory: [mem 0x000f0000-0x000fffff]
[    0.000000] e820: [mem 0x40000000-0xfebfffff] available for PCI devices
[    0.000000] Booting paravirtualized kernel on KVM
[    0.000000] clocksource: refined-jiffies: mask: 0xffffffff max_cycles: 0xffffffff, max_idle_ns: 7645519600211568 ns
[    0.000000] setup_percpu: NR_CPUS:8192 nr_cpumask_bits:2 nr_cpu_ids:2 nr_node_ids:1
[    0.000000] percpu: Embedded 50 pages/cpu s167936 r8192 d28672 u1048576
[    0.000000] PV qspinlock hash table entries: 256 (order: 0, 4096 bytes)
[    0.000000] Built 1 zonelists, mobility grouping on.  Total pages: 257913
[    0.000000] Policy zone: DMA32
[    0.000000] Kernel command line: BOOT_IMAGE=/boot/vmlinuz-4.15.0-194-generic root=LABEL=cloudimg-rootfs ro console=tty1 console=ttyS0
[    0.000000] Memory: 982652K/1048120K available (12300K kernel code, 2477K rwdata, 4320K rodata, 2472K init, 2720K bss, 65468K reserved, 0K cma-reserved)
[    0.000000] SLUB: HWalign=64, Order=0-3, MinObjects=0, CPUs=2, Nodes=1
[    0.000000] Kernel/User page tables isolation: enabled
[    0.000000] ftrace: allocating 39477 entries in 155 pages
[    0.004000] Hierarchical RCU implementation.
[    0.004000] 	RCU restricting CPUs from NR_CPUS=8192 to nr_cpu_ids=2.
[    0.004000] 	Tasks RCU enabled.
[    0.004000] RCU: Adjusting geometry for rcu_fanout_leaf=16, nr_cpu_ids=2
[    0.004000] NR_IRQS: 524544, nr_irqs: 440, preallocated irqs: 16
[    0.004000] random: crng init done
[    0.004000] Console: colour VGA+ 80x25
[    0.004000] console [tty1] enabled
[    0.004000] console [ttyS0] enabled
[    0.004000] ACPI: Core revision 20170831
[    0.004000] ACPI: 2 ACPI AML tables successfully acquired and loaded
[    0.004000] APIC: Switch to symmetric I/O mode setup
[    0.008000] ..TIMER: vector=0x30 apic1=0 pin1=2 apic2=-1 pin2=-1
[    0.008004] tsc: Detected 3192.008 MHz processor
[    0.012009] Calibrating delay loop (skipped) preset value.. 6384.01 BogoMIPS (lpj=12768032)
[    0.016003] pid_max: default: 32768 minimum: 301
[    0.020075] Security Framework initialized
[    0.023723] Yama: becoming mindful.
[    0.024092] AppArmor: AppArmor initialized
[    0.036000] Dentry cache hash table entries: 131072 (order: 8, 1048576 bytes)
[    0.041141] Inode-cache hash table entries: 65536 (order: 7, 524288 bytes)
[    0.044089] Mount-cache hash table entries: 2048 (order: 2, 16384 bytes)
[    0.048078] Mountpoint-cache hash table entries: 2048 (order: 2, 16384 bytes)
[    0.053644] Last level iTLB entries: 4KB 64, 2MB 8, 4MB 8
[    0.056002] Last level dTLB entries: 4KB 64, 2MB 0, 4MB 0, 1GB 4
[    0.060006] Spectre V1 : Mitigation: usercopy/swapgs barriers and __user pointer sanitization
[    0.064004] Spectre V2 : Mitigation: Retpolines
[    0.068002] Spectre V2 : Spectre v2 / SpectreRSB mitigation: Filling RSB on context switch
[    0.072003] Speculative Store Bypass: Vulnerable
[    0.076114] MDS: Mitigation: Clear CPU buffers
[    0.080002] MMIO Stale Data: Mitigation: Clear CPU buffers
[    0.084003] SRBDS: Unknown: Dependent on hypervisor status
[    0.088156] Freeing SMP alternatives memory: 36K
[    0.209218] smpboot: CPU0: Intel(R) Core(TM) i7-8700 CPU @ 3.20GHz (family: 0x6, model: 0x9e, stepping: 0xa)
[    0.212579] Performance Events: unsupported p6 CPU model 158 no PMU driver, software events only.
[    0.216112] Hierarchical SRCU implementation.
[    0.220868] NMI watchdog: Perf event create on CPU 0 failed with -2
[    0.228005] NMI watchdog: Perf NMI watchdog permanently disabled
[    0.232393] smp: Bringing up secondary CPUs ...
[    0.240652] x86: Booting SMP configuration:
[    0.244003] .... node  #0, CPUs:      #1
[    0.004000] kvm-clock: cpu 1, msr 0:3ff44041, secondary cpu clock
[    0.255668] TSC synchronization [CPU#0 -> CPU#1]:
[    0.256000] Measured 80644 cycles TSC warp between CPUs, turning off TSC clock.
[    0.256000] tsc: Marking TSC unstable due to check_tsc_sync_source failed
[    0.260233] smp: Brought up 1 node, 2 CPUs
[    0.264005] smpboot: Max logical packages: 1
[    0.267625] smpboot: Total of 2 processors activated (12768.03 BogoMIPS)
[    0.268612] devtmpfs: initialized
[    0.272103] x86/mm: Memory block size: 128MB
[    0.276410] evm: security.selinux
[    0.280003] evm: security.SMACK64
[    0.284002] evm: security.SMACK64EXEC
[    0.288002] evm: security.SMACK64TRANSMUTE
[    0.292003] evm: security.SMACK64MMAP
[    0.296003] evm: security.apparmor
[    0.300002] evm: security.ima
[    0.302572] evm: security.capability
[    0.308321] clocksource: jiffies: mask: 0xffffffff max_cycles: 0xffffffff, max_idle_ns: 7645041785100000 ns
[    0.312010] futex hash table entries: 512 (order: 3, 32768 bytes)
[    0.316224] pinctrl core: initialized pinctrl subsystem
[    0.324361] RTC time: 10:01:59, date: 10/22/22
[    0.329313] NET: Registered protocol family 16
[    0.332128] audit: initializing netlink subsys (disabled)
[    0.336235] audit: type=2000 audit(1666432925.117:1): state=initialized audit_enabled=0 res=1
[    0.348005] cpuidle: using governor ladder
[    0.352006] cpuidle: using governor menu
[    0.356040] ACPI: bus type PCI registered
[    0.359730] acpiphp: ACPI Hot Plug PCI Controller Driver version: 0.5
[    0.360631] PCI: Using configuration type 1 for base access
[    0.368467] HugeTLB registered 2.00 MiB page size, pre-allocated 0 pages
[    0.376314] ACPI: Added _OSI(Module Device)
[    0.380004] ACPI: Added _OSI(Processor Device)
[    0.384003] ACPI: Added _OSI(3.0 _SCP Extensions)
[    0.388002] ACPI: Added _OSI(Processor Aggregator Device)
[    0.392005] ACPI: Added _OSI(Linux-Dell-Video)
[    0.396003] ACPI: Added _OSI(Linux-Lenovo-NV-HDMI-Audio)
[    0.400003] ACPI: Added _OSI(Linux-HPI-Hybrid-Graphics)
[    0.404859] ACPI: Executed 1 blocks of module-level executable AML code
[    0.414099] ACPI: Interpreter enabled
[    0.416012] ACPI: (supports S0 S5)
[    0.420003] ACPI: Using IOAPIC for interrupt routing
[    0.424362] PCI: Using host bridge windows from ACPI; if necessary, use "pci=nocrs" and report a bug
[    0.428242] ACPI: Enabled 2 GPEs in block 00 to 07
[    0.442488] ACPI: PCI Root Bridge [PCI0] (domain 0000 [bus 00-ff])
[    0.444011] acpi PNP0A03:00: _OSC: OS supports [ASPM ClockPM Segments MSI]
[    0.448712] acpi PNP0A03:00: _OSC: not requesting OS control; OS requires [ExtendedConfig ASPM ClockPM MSI]
[    0.452012] acpi PNP0A03:00: fail to add MMCONFIG information, can't access extended PCI configuration space under this bridge.
[    0.460086] PCI host bridge to bus 0000:00
[    0.464005] pci_bus 0000:00: root bus resource [io  0x0000-0x0cf7 window]
[    0.468004] pci_bus 0000:00: root bus resource [io  0x0d00-0xffff window]
[    0.472010] pci_bus 0000:00: root bus resource [mem 0x000a0000-0x000bffff window]
[    0.476004] pci_bus 0000:00: root bus resource [mem 0x40000000-0xfdffffff window]
[    0.480004] pci_bus 0000:00: root bus resource [bus 00-ff]
[    0.495197] pci 0000:00:01.1: legacy IDE quirk: reg 0x10: [io  0x01f0-0x01f7]
[    0.496003] pci 0000:00:01.1: legacy IDE quirk: reg 0x14: [io  0x03f6]
[    0.500003] pci 0000:00:01.1: legacy IDE quirk: reg 0x18: [io  0x0170-0x0177]
[    0.504007] pci 0000:00:01.1: legacy IDE quirk: reg 0x1c: [io  0x0376]
[    0.534823] pci 0000:00:07.0: quirk: [io  0x4000-0x403f] claimed by PIIX4 ACPI
[    0.536038] pci 0000:00:07.0: quirk: [io  0x4100-0x410f] claimed by PIIX4 SMB
[    0.550776] ACPI: PCI Interrupt Link [LNKA] (IRQs 5 9 10 *11)
[    0.552519] ACPI: PCI Interrupt Link [LNKB] (IRQs 5 9 *10 11)
[    0.556199] ACPI: PCI Interrupt Link [LNKC] (IRQs 5 *9 10 11)
[    0.560194] ACPI: PCI Interrupt Link [LNKD] (IRQs 5 9 10 *11)
[    0.564766] SCSI subsystem initialized
[    0.568209] pci 0000:00:02.0: vgaarb: setting as boot VGA device
[    0.572000] pci 0000:00:02.0: vgaarb: VGA device added: decodes=io+mem,owns=io+mem,locks=none
[    0.572008] pci 0000:00:02.0: vgaarb: bridge control possible
[    0.576002] vgaarb: loaded
[    0.580097] ACPI: bus type USB registered
[    0.584048] usbcore: registered new interface driver usbfs
[    0.588009] usbcore: registered new interface driver hub
[    0.592011] usbcore: registered new device driver usb
[    0.596363] EDAC MC: Ver: 3.0.0
[    0.600844] PCI: Using ACPI for IRQ routing
[    0.604665] NetLabel: Initializing
[    0.608002] NetLabel:  domain hash size = 128
[    0.612003] NetLabel:  protocols = UNLABELED CIPSOv4 CALIPSO
[    0.616020] NetLabel:  unlabeled traffic allowed by default
[    0.624215] clocksource: Switched to clocksource kvm-clock
[    0.634506] VFS: Disk quotas dquot_6.6.0
[    0.634506] VFS: Dquot-cache hash table entries: 512 (order 0, 4096 bytes)
[    0.634506] AppArmor: AppArmor Filesystem Enabled
[    0.634506] pnp: PnP ACPI init
[    0.634506] pnp: PnP ACPI: found 3 devices
[    0.739762] clocksource: acpi_pm: mask: 0xffffff max_cycles: 0xffffff, max_idle_ns: 2085701024 ns
[    0.740601] NET: Registered protocol family 2
[    0.740601] IP idents hash table entries: 16384 (order: 5, 131072 bytes)
[    0.761330] TCP established hash table entries: 8192 (order: 4, 65536 bytes)
[    0.770261] TCP bind hash table entries: 8192 (order: 5, 131072 bytes)
[    0.773942] TCP: Hash tables configured (established 8192 bind 8192)
[    0.773942] UDP hash table entries: 512 (order: 2, 16384 bytes)
[    0.773942] UDP-Lite hash table entries: 512 (order: 2, 16384 bytes)
[    0.773942] NET: Registered protocol family 1
[    0.773942] pci 0000:00:00.0: Limiting direct PCI/PCI transfers
[    0.773942] pci 0000:00:01.0: Activating ISA DMA hang workarounds
[    0.773942] pci 0000:00:02.0: Video device with shadowed ROM at [mem 0x000c0000-0x000dffff]
[    0.773942] Unpacking initramfs...
[    1.152047] Freeing initrd memory: 19528K
[    1.284406] clocksource: tsc: mask: 0xffffffffffffffff max_cycles: 0x2e02cc61d1f, max_idle_ns: 440795332860 ns
[    1.295760] platform rtc_cmos: registered platform RTC device (no PNP device found)
[    1.304608] Scanning for low memory corruption every 60 seconds
[    1.312149] Initialise system trusted keyrings
[    1.317430] Key type blacklist registered
[    1.322432] workingset: timestamp_bits=36 max_order=18 bucket_order=0
[    1.331083] zbud: loaded
[    1.335592] squashfs: version 4.0 (2009/01/31) Phillip Lougher
[    1.342114] fuse init (API version 7.26)
[    1.368611] Key type asymmetric registered
[    1.372938] Asymmetric key parser 'x509' registered
[    1.377490] Block layer SCSI generic (bsg) driver version 0.4 loaded (major 246)
[    1.384526] io scheduler noop registered
[    1.388726] io scheduler deadline registered
[    1.392661] io scheduler cfq registered (default)
[    1.397966] ACPI: AC Adapter [AC] (on-line)
[    1.403189] input: Power Button as /devices/LNXSYSTM:00/LNXPWRBN:00/input/input0
[    1.409929] ACPI: Power Button [PWRF]
[    1.414944] input: Sleep Button as /devices/LNXSYSTM:00/LNXSLPBN:00/input/input1
[    1.421981] ACPI: Sleep Button [SLPF]
[    1.427663] Serial: 8250/16550 driver, 32 ports, IRQ sharing enabled
[    1.464790] 00:02: ttyS0 at I/O 0x3f8 (irq = 4, base_baud = 115200) is a 16550A
[    1.474095] Linux agpgart interface v0.103
[    1.483456] loop: module loaded
[    1.492599] scsi host0: ata_piix
[    1.497233] scsi host1: ata_piix
[    1.501603] ata1: PATA max UDMA/33 cmd 0x1f0 ctl 0x3f6 bmdma 0xd000 irq 14
[    1.508681] ata2: PATA max UDMA/33 cmd 0x170 ctl 0x376 bmdma 0xd008 irq 15
[    1.516019] tun: Universal TUN/TAP device driver, 1.6
[    1.522906] PPP generic driver version 2.4.2
[    1.527470] ehci_hcd: USB 2.0 'Enhanced' Host Controller (EHCI) Driver
[    1.533705] ehci-pci: EHCI PCI platform driver
[    1.538614] ehci-platform: EHCI generic platform driver
[    1.544279] ohci_hcd: USB 1.1 'Open' Host Controller (OHCI) Driver
[    1.550723] ohci-pci: OHCI PCI platform driver
[    1.556308] ohci-platform: OHCI generic platform driver
[    1.561942] uhci_hcd: USB Universal Host Controller Interface driver
[    1.568336] i8042: PNP: PS/2 Controller [PNP0303:PS2K,PNP0f03:PS2M] at 0x60,0x64 irq 1,12
[    1.579497] serio: i8042 KBD port at 0x60,0x64 irq 1
[    1.585292] serio: i8042 AUX port at 0x60,0x64 irq 12
[    1.590517] mousedev: PS/2 mouse device common for all mice
[    1.598967] input: AT Translated Set 2 keyboard as /devices/platform/i8042/serio0/input/input2
[    1.599584] rtc_cmos rtc_cmos: rtc core: registered rtc_cmos as rtc0
[    1.615284] rtc_cmos rtc_cmos: alarms up to one day, 114 bytes nvram
[    1.621350] i2c /dev entries driver
[    1.625439] device-mapper: uevent: version 1.0.3
[    1.629299] device-mapper: ioctl: 4.37.0-ioctl (2017-09-20) initialised: dm-devel@redhat.com
[    1.639826] ledtrig-cpu: registered to indicate activity on CPUs
[    1.649295] NET: Registered protocol family 10
[    1.665280] Segment Routing with IPv6
[    1.669003] NET: Registered protocol family 17
[    1.673567] Key type dns_resolver registered
[    1.678975] mce: Using 0 MCE banks
[    1.682293] RAS: Correctable Errors collector initialized.
[    1.696158] sched_clock: Marking stable (1696105081, 0)->(2505728118, -809623037)
[    1.747234] registered taskstats version 1
[    1.751883] Loading compiled-in X.509 certificates
[    1.763066] Loaded X.509 cert 'Build time autogenerated kernel key: 6303a3b02fa1c7713b8a75ba7ba622fabd5dd271'
[    1.773652] Loaded X.509 cert 'Canonical Ltd. Live Patch Signing: 14df34d1a87cf37625abec039ef2bf521249b969'
[    1.784131] Loaded X.509 cert 'Canonical Ltd. Kernel Module Signing: 88f752e560a1e0737e31163a466ad7b70a850c19'
[    1.794650] blacklist: Loading compiled-in revocation X.509 certificates
[    1.801077] Loaded X.509 cert 'Canonical Ltd. Secure Boot Signing: 61482aa2830d0ab2ad5af10b7250da9033ddcef0'
[    1.811280] zswap: loaded using pool lzo/zbud
[    1.829633] Key type big_key registered
[    1.835324] Key type trusted registered
[    1.846565] Key type encrypted registered
[    1.851103] AppArmor: AppArmor sha1 policy hashing enabled
[    1.857166] ima: No TPM chip found, activating TPM-bypass! (rc=-19)
[    1.864847] ima: Allocated hash algorithm: sha1
[    1.870094] evm: HMAC attrs: 0x1
[    1.874690]   Magic number: 10:698:22
[    1.880482] rtc_cmos rtc_cmos: setting system clock to 2022-10-22 10:02:01 UTC (1666432921)
[    1.889619] BIOS EDD facility v0.16 2004-Jun-25, 0 devices found
[    1.895924] EDD information not available.
[    1.905705] Freeing unused kernel image memory: 2472K
[    1.932108] Write protecting the kernel read-only data: 20480k
[    1.939585] Freeing unused kernel image memory: 2008K
[    1.945356] Freeing unused kernel image memory: 1824K
[    1.956523] x86/mm: Checked W+X mappings: passed, no W+X pages found.
[    1.964990] x86/mm: Checking user space page tables
[    1.975822] x86/mm: Checked W+X mappings: passed, no W+X pages found.
Loading, please wait...
starting version 237
[    2.079538] e1000: Intel(R) PRO/1000 Network Driver - version 7.3.21-k8-NAPI
[    2.086714] e1000: Copyright (c) 1999-2006 Intel Corporation.
[    2.094169] Fusion MPT base driver 3.04.20
[    2.099512] Copyright (c) 1999-2008 LSI Corporation
[    2.127157] Fusion MPT SPI Host driver 3.04.20
[    2.766940] input: ImExPS/2 Generic Explorer Mouse as /devices/platform/i8042/serio1/input/input4
[    2.800763] e1000 0000:00:03.0 eth0: (PCI:33MHz:32-bit) 02:ef:f7:70:2e:71
[    2.807003] e1000 0000:00:03.0 eth0: Intel(R) PRO/1000 Network Connection
[    2.815298] mptbase: ioc0: Initiating bringup
[    2.822216] e1000 0000:00:03.0 enp0s3: renamed from eth0
[    2.947300] ioc0: LSI53C1030 A0: Capabilities={Initiator}
[    3.208983] scsi host2: ioc0: LSI53C1030 A0, FwRev=00000000h, Ports=1, MaxQ=256, IRQ=20
[    3.386034] scsi 2:0:0:0: Direct-Access     VBOX     HARDDISK         1.0  PQ: 0 ANSI: 5
[    3.429446] scsi target2:0:0: Beginning Domain Validation
[    3.445077] scsi target2:0:0: Domain Validation skipping write tests
[    3.452146] scsi target2:0:0: Ending Domain Validation
[    3.458030] scsi target2:0:0: asynchronous
[    3.466037] scsi 2:0:1:0: Direct-Access     VBOX     HARDDISK         1.0  PQ: 0 ANSI: 5
[    3.504100] scsi target2:0:1: Beginning Domain Validation
[    3.519892] scsi target2:0:1: Domain Validation skipping write tests
[    3.525845] scsi target2:0:1: Ending Domain Validation
[    3.531714] scsi target2:0:1: asynchronous
[    3.551200] sd 2:0:0:0: Attached scsi generic sg0 type 0
[    3.557148] sd 2:0:1:0: Attached scsi generic sg1 type 0
[    3.563589] sd 2:0:0:0: [sda] 83886080 512-byte logical blocks: (42.9 GB/40.0 GiB)
[    3.572265] sd 2:0:1:0: [sdb] 20480 512-byte logical blocks: (10.5 MB/10.0 MiB)
[    3.580325] sd 2:0:0:0: [sda] Write Protect is off
[    3.585448] sd 2:0:1:0: [sdb] Write Protect is off
[    3.591758] sd 2:0:0:0: [sda] Incomplete mode parameter data
[    3.598139] sd 2:0:0:0: [sda] Assuming drive cache: write through
[    3.605039] sd 2:0:1:0: [sdb] Incomplete mode parameter data
[    3.611186] sd 2:0:1:0: [sdb] Assuming drive cache: write through
[    3.622463]  sda: sda1
[    3.629733] sd 2:0:0:0: [sda] Attached SCSI disk
[    3.634697] sd 2:0:1:0: [sdb] Attached SCSI disk
Begin: Loading essential drivers ... [    5.697168] raid6: sse2x1   gen() 13295 MB/s
[    5.748594] raid6: sse2x1   xor()  9624 MB/s
[    5.800580] raid6: sse2x2   gen() 16886 MB/s
[    5.852272] raid6: sse2x2   xor() 11568 MB/s
[    5.904976] raid6: sse2x4   gen() 18685 MB/s
[    5.956350] raid6: sse2x4   xor() 12131 MB/s
[    5.960681] raid6: using algorithm sse2x4 gen() 18685 MB/s
[    5.965372] raid6: .... xor() 12131 MB/s, rmw enabled
[    5.969797] raid6: using ssse3x2 recovery algorithm
[    5.977793] xor: measuring software checksum speed
[    6.020719]    prefetch64-sse: 24035.000 MB/sec
[    6.064412]    generic_sse: 19326.000 MB/sec
[    6.068655] xor: using function: prefetch64-sse (24035.000 MB/sec)
[    6.076497] async_tx: api initialized (async)
done.
Begin: Running /scripts/init-premount ... done.
Begin: Mounting root file system ... Begin: Running /scripts/local-top ... done.
Begin: Running /scripts/local-premount ... [    6.138179] Btrfs loaded, crc32c=crc32c-intel
Scanning for Btrfs filesystems
done.
Warning: fsck not present, so skipping root file system
[    6.201651] EXT4-fs (sda1): mounted filesystem with ordered data mode. Opts: (null)
done.
Begin: Running /scripts/local-bottom ... done.
Begin: Running /scripts/init-bottom ... done.
[    6.524607] ip_tables: (C) 2000-2006 Netfilter Core Team
[    6.548509] systemd[1]: systemd 237 running in system mode. (+PAM +AUDIT +SELINUX +IMA +APPARMOR +SMACK +SYSVINIT +UTMP +LIBCRYPTSETUP +GCRYPT +GNUTLS +ACL +XZ +LZ4 +SECCOMP +BLKID +ELFUTILS +KMOD -IDN2 +IDN -PCRE2 default-hierarchy=hybrid)
[    6.566131] systemd[1]: Detected virtualization oracle.
[    6.571816] systemd[1]: Detected architecture x86-64.

Welcome to [1mUbuntu 18.04.6 LTS[0m!

[    6.607436] systemd[1]: Set hostname to <ubuntu>.
[    6.620229] systemd[1]: Initializing machine ID from random generator.
[    6.626304] systemd[1]: Installed transient /etc/machine-id file.
[    7.090198] systemd[1]: Created slice User and Session Slice.
[[0;32m  OK  [0m] Created slice User and Session Slice.
[    7.098431] systemd[1]: Reached target System Time Synchronized.
[[0;32m  OK  [0m] Reached target System Time Synchronized.
[    7.121539] systemd[1]: Set up automount Arbitrary Executable File Formats File System Automount Point.
[[0;32m  OK  [0m] Set up automount Arbitrary Executabâ€¦rmats File System Automount Point.
[    7.134268] systemd[1]: Created slice System Slice.
[[0;32m  OK  [0m] Created slice System Slice.
[[0;32m  OK  [0m] Listening on udev Kernel Socket.
[[0;32m  OK  [0m] Reached target Slices.
[[0;32m  OK  [0m] Listening on Network Service Netlink Socket.
[[0;32m  OK  [0m] Listening on Journal Socket.
         Mounting Kernel Debug File System...
[[0;32m  OK  [0m] Listening on fsck to fsckd communication Socket.
         Starting Uncomplicated firewall...
[[0;32m  OK  [0m] Listening on Journal Socket (/dev/log).
[[0;32m  OK  [0m] Listening on udev Control Socket.
         Starting udev Coldplug all Devices...
         Mounting Huge Pages File System...
[[0;32m  OK  [0m] Listening on LVM2 poll daemon socket.
[[0;32m  OK  [0m] Listening on LVM2 metadata daemon socket.
[[0;32m  OK  [0m] Listening on Device-mapper event daemon FIFOs.
         Starting Monitoring of LVM2 mirrorsâ€¦ng dmeventd or progress polling...
         Starting Load Kernel Modules...
         Starting Set the console keyboard layout...
         Starting Create list of required stâ€¦ce nodes for the current kernel...
         Starting File System Check on Root Device...
[[0;32m  OK  [0m] Started Forward Password Requests to Wall Directory Watch.
[[0;32m  OK  [0m] Listening on Syslog Socket.
[[0;32m  OK  [0m] Listening on Journal Audit Socket.
         Starting Journal Service...
[[0;32m  OK  [0m] Reached target User and Group Name Lookups.
         Mounting POSIX Message Queue File System...
[[0;32m  OK  [0m] Created slice system-serial\x2dgetty.slice.
[[0;32m  OK  [0m] Reached target Swap.
[[0;32m  OK  [0m] Listening on /dev/initctl Compatibility Named Pipe.
[[0;32m  OK  [0m] Mounted Kernel Debug File System.
[[0;32m  OK  [0m] Started Uncomplicated firewall.
[[0;32m  OK  [0m] Mounted Huge Pages File System.
[[0;32m  OK  [0m] Mounted POSIX Message Queue File System.
[    7.270797] Loading iSCSI transport class v2.0-870.
[[0;32m  OK  [0m] Started udev Coldplug all Devices.
[[0;32m  OK  [0m] Started Create list of required staâ€¦vice nodes for the current kernel.
         Starting Create Static Device Nodes in /dev...
[[0;32m  OK  [0m] Started File System Check Daemon to report status.
[[0;32m  OK  [0m] Started Journal Service.
[[0;32m  OK  [0m] Started LVM2 metadata daemon.
[    7.373135] iscsi: registered transport (tcp)
[    7.400897] iscsi: registered transport (iser)
[[0;32m  OK  [0m] Started Load Kernel Modules.
         Mounting FUSE Control File System...
         Mounting Kernel Configuration File System...
         Starting Apply Kernel Variables...
[[0;32m  OK  [0m] Mounted FUSE Control File System.
[[0;32m  OK  [0m] Mounted Kernel Configuration File System.
[[0;32m  OK  [0m] Started Create Static Device Nodes in /dev.
[[0;32m  OK  [0m] Started File System Check on Root Device.
         Starting Remount Root and Kernel File Systems...
[[0;32m  OK  [0m] Started Monitoring of LVM2 mirrors,â€¦sing dmeventd or progress polling.
[[0;32m  OK  [0m] Started Apply Kernel Variables.
[[0;32m  OK  [0m] Started Remount Root and Kernel File Systems.
         Starting Flush Journal to Persistent Storage...
         Starting Load/Save Random Seed...
         Starting udev Kernel Device Manager...
[[0;32m  OK  [0m] Started Load/Save Random Seed.
[[0;32m  OK  [0m] Started udev Kernel Device Manager.
[[0;32m  OK  [0m] Started Flush Journal to Persistent Storage.
[[0;32m  OK  [0m] Found device /dev/ttyS0.
[[0;32m  OK  [0m] Listening on Load/Save RF Kill Switch Status /dev/rfkill Watch.
[[0;32m  OK  [0m] Started Set the console keyboard layout.
[[0;32m  OK  [0m] Started Dispatch Password Requests to Console Directory Watch.
[[0;32m  OK  [0m] Reached target Local Encrypted Volumes.
[[0;32m  OK  [0m] Reached target Local File Systems (Pre).
[[0;32m  OK  [0m] Reached target Local File Systems.
         Starting Set console font and keymap...
         Starting ebtables ruleset management...
         Starting Create Volatile Files and Directories...
         Starting Commit a transient machine-id on disk...
         Starting Tell Plymouth To Write Out Runtime Data...
         Starting AppArmor initialization...
[[0;32m  OK  [0m] Started Tell Plymouth To Write Out Runtime Data.
[[0;32m  OK  [0m] Started Create Volatile Files and Directories.
         Starting Update UTMP about System Boot/Shutdown...
[[0;32m  OK  [0m] Started Update UTMP about System Boot/Shutdown.
[[0;32m  OK  [0m] Started Commit a transient machine-id on disk.
[[0;32m  OK  [0m] Started ebtables ruleset management.
[[0;32m  OK  [0m] Started AppArmor initialization.
         Starting Initial cloud-init job (pre-networking)...
         Starting Load AppArmor profiles managed internally by snapd...
[[0;32m  OK  [0m] Started Load AppArmor profiles managed internally by snapd.
[[0;32m  OK  [0m] Started Set console font and keymap.
[   10.985477] cloud-init[739]: Cloud-init v. 22.3.4-0ubuntu1~18.04.1 running 'init-local' at Sat, 22 Oct 2022 10:02:10 +0000. Up 10.62 seconds.
[[0;32m  OK  [0m] Started Initial cloud-init job (pre-networking).
[[0;32m  OK  [0m] Reached target Network (Pre).
         Starting Network Service...
[[0;32m  OK  [0m] Started Network Service.
         Starting Network Name Resolution...
         Starting Wait for Network to be Configured...
[[0;32m  OK  [0m] Started Network Name Resolution.
[[0;32m  OK  [0m] Reached target Network.
[[0;32m  OK  [0m] Reached target Host and Network Name Lookups.
[[0;32m  OK  [0m] Started Wait for Network to be Configured.
         Starting Initial cloud-init job (metadata service crawler)...
[   12.750350] cloud-init[898]: Cloud-init v. 22.3.4-0ubuntu1~18.04.1 running 'init' at Sat, 22 Oct 2022 10:02:12 +0000. Up 12.63 seconds.
[   12.757635] cloud-init[898]: ci-info: ++++++++++++++++++++++++++++++++++++++Net device info++++++++++++++++++++++++++++++++++++++
[   12.763911] cloud-init[898]: ci-info: +--------+------+----------------------------+---------------+--------+-------------------+
[   12.777081] cloud-init[898]: ci-info: | Device |  Up  |          Address           |      Mask     | Scope  |     Hw-Address    |
[   12.781418] cloud-init[898]: ci-info: +--------+------+----------------------------+---------------+--------+-------------------+
[   12.785087] cloud-init[898]: ci-info: | enp0s3 | True |         10.0.2.15          | 255.255.255.0 | global | 02:ef:f7:70:2e:71 |
[   12.789090] cloud-init[898]: ci-info: | enp0s3 | True | fe80::ef:f7ff:fe70:2e71/64 |       .       |  link  | 02:ef:f7:70:2e:71 |
[   12.793156] cloud-init[898]: ci-info: |   lo   | True |         127.0.0.1          |   255.0.0.0   |  host  |         .         |
[   12.796926] cloud-init[898]: ci-info: |   lo   | True |          ::1/128           |       .       |  host  |         .         |
[   12.801875] cloud-init[898]: ci-info: +--------+------+----------------------------+---------------+--------+-------------------+
[   12.806214] cloud-init[898]: ci-info: ++++++++++++++++++++++++++++Route IPv4 info+++++++++++++++++++++++++++++
[   12.809493] cloud-init[898]: ci-info: +-------+-------------+----------+-----------------+-----------+-------+
[   12.813421] cloud-init[898]: ci-info: | Route | Destination | Gateway  |     Genmask     | Interface | Flags |
[   12.816668] cloud-init[898]: ci-info: +-------+-------------+----------+-----------------+-----------+-------+
[   12.819667] cloud-init[898]: ci-info: |   0   |   0.0.0.0   | 10.0.2.2 |     0.0.0.0     |   enp0s3  |   UG  |
[   12.822583] cloud-init[898]: ci-info: |   1   |   10.0.2.0  | 0.0.0.0  |  255.255.255.0  |   enp0s3  |   U   |
[   12.825792] cloud-init[898]: ci-info: |   2   |   10.0.2.2  | 0.0.0.0  | 255.255.255.255 |   enp0s3  |   UH  |
[   12.829056] cloud-init[898]: ci-info: +-------+-------------+----------+-----------------+-----------+-------+
[   12.832405] cloud-init[898]: ci-info: +++++++++++++++++++Route IPv6 info+++++++++++++++++++
[   12.834946] cloud-init[898]: ci-info: +-------+-------------+---------+-----------+-------+
[   12.837693] cloud-init[898]: ci-info: | Route | Destination | Gateway | Interface | Flags |
[   12.840716] cloud-init[898]: ci-info: +-------+-------------+---------+-----------+-------+
[   12.843915] cloud-init[898]: ci-info: |   1   |  fe80::/64  |    ::   |   enp0s3  |   U   |
[   12.846691] cloud-init[898]: ci-info: |   3   |    local    |    ::   |   enp0s3  |   U   |
[   12.850271] cloud-init[898]: ci-info: |   4   |   ff00::/8  |    ::   |   enp0s3  |   U   |
[   12.853217] cloud-init[898]: ci-info: +-------+-------------+---------+-----------+-------+
[   13.929308] cloud-init[898]: Generating public/private rsa key pair.
[   13.932385] cloud-init[898]: Your identification has been saved in /etc/ssh/ssh_host_rsa_key.
[   13.935234] cloud-init[898]: Your public key has been saved in /etc/ssh/ssh_host_rsa_key.pub.
[   13.938194] cloud-init[898]: The key fingerprint is:
[   13.950040] cloud-init[898]: SHA256:86qLN2Mz0f4JlGzo4eNG4xgHCiI4XSr2FrP4Oao+2ZY root@ubuntu-bionic
[   13.953668] cloud-init[898]: The key's randomart image is:
[   13.955598] cloud-init[898]: +---[RSA 2048]----+
[   13.957640] cloud-init[898]: |                 |
[   13.959092] cloud-init[898]: |    .            |
[   13.960821] cloud-init[898]: |.. o             |
[   13.962622] cloud-init[898]: |B.oo.  o .       |
[   13.964205] cloud-init[898]: |++o.+.o.S        |
[   13.965747] cloud-init[898]: | ..+.o=+.o       |
[   13.967285] cloud-init[898]: |  = o*++. .      |
[   13.969225] cloud-init[898]: | o E.oX..o .     |
[   13.980900] cloud-init[898]: |+o+ o++B..o      |
[   13.982823] cloud-init[898]: +----[SHA256]-----+
[   13.984370] cloud-init[898]: Generating public/private dsa key pair.
[   13.986623] cloud-init[898]: Your identification has been saved in /etc/ssh/ssh_host_dsa_key.
[   13.989140] cloud-init[898]: Your public key has been saved in /etc/ssh/ssh_host_dsa_key.pub.
[   13.992377] cloud-init[898]: The key fingerprint is:
[   13.993981] cloud-init[898]: SHA256:YPDFxLFCTN+sQjrNYzjpS2WsQCuuuFQnoTIp2g4u8iI root@ubuntu-bionic
[   13.996938] cloud-init[898]: The key's randomart image is:
[   13.998643] cloud-init[898]: +---[DSA 1024]----+
[   14.000217] cloud-init[898]: |    .oo++.       |
[   14.001722] cloud-init[898]: |     +.oo+       |
[   14.003558] cloud-init[898]: |  ..  * o o      |
[   14.007524] cloud-init[898]: | o...X o .       |
[   14.011514] cloud-init[898]: |*.oo*.X S        |
[   14.015179] cloud-init[898]: |=+.ooB o         |
[   14.018918] cloud-init[[0;32m  OK  [0m] Started Initial cloud-init job (metadata service crawler).
[898]: |oo. +            |
[   14.026376] cloud-init[898]: |Eo . .           |
[   14.027911] cloud-init[898]: |B=o .            |
[   14.029687] cloud-init[898]: +----[SHA256]-----+
[   14.031317] cloud-init[898]: Generating public/private ecdsa key pair.
[   14.033689] cloud-init[898]: Your identification has been saved in /etc/ssh/ssh_host_ecdsa_key.
[   14.036307] cloud-init[898]: Your public key has been saved in /etc/ssh/ssh_host_ecdsa_key.pub.
[   14.039143] cloud-init[898]: The key fingerprint is:
[   14.040864] cloud-init[898]: SHA256:xU1Oti7SV0HQdFSt4S1qLTmjBRs35YJ0F8s6HoKXn/U root@ubuntu-bionic
[[0;32m  OK  [0m[   14.043801] cloud-init[898]: The key's randomart image is:
[   14.045142] cloud-init[898]: +---[ECDSA 256]---+
[   14.045180] cloud-init[898]: |            ===o*|
[   14.045537] cloud-init[898]: |         ..*.o=+.|
[   14.045927] cloud-init[898]: |         .oo+=++ |
[   14.045961] cloud-init[898]: |         ++o+o= .|
[   14.045988] cloud-init[898]: |        S *=**.. |
[   14.046342] cloud-init[898]: |         o.*O=.. |
[   14.046375] cloud-init[898]: |           +++  E|
[   14.046400] cloud-init[898]: |          .      |
[   14.046784] cloud-init[898]: |                 |
[   14.047114] cloud-init[898]: +----[SHA256]-----+
[   14.047456] cloud-init[898]: Generating public/private ed25519 key pair.
[   14.047842] cloud-init[898]: Your identification has been saved in /etc/ssh/ssh_host_ed25519_key.
[   14.048632] cloud-init[898]: Your public key has been saved in /etc/ssh/ssh_host_ed25519_key.pub.
[   14.048961] cloud-init[898]: The key fingerprint is:
[   14.049283] cloud-init[898]: SHA256:VvIL69wf2a9Wu8Ij/lHXVJmCGvckaGD2tfumghFf3Oo root@ubuntu-bionic
[   14.049613] cloud-init[898]: The key's randomart image is:
[   14.049938] cloud-init[898]: +--[ED25519 256]--+
[   14.050290] cloud-init[898]: |       +. ...   +|
[   14.050643] cloud-init[898]: |      o .+.+.o o.|
[   14.051004] cloud-init[898]: |        o.*.= . .|
[   14.051349] cloud-init[898]: |       . = o.o ..|
[   14.051704] cloud-init[898]: |        S o..  .o|
[   14.052729] cloud-init[898]: |       o + o.o. o|
[   14.053248] cloud-init[898]: |        + o ++...|
[   14.053608] cloud-init[898]: |       + o Eo=oo |
[   14.053958] cloud-init[898]: |        o +++o+oo|
[   14.054351] cloud-init[898]: +----[SHA256]-----+
] Reached target System Initialization.
[[0;32m  OK  [0m] Started Message of the Day.
[[0;32m  OK  [0m] Started Discard unused blocks once a week.
[[0;32m  OK  [0m] Listening on D-Bus System Message Bus Socket.
[[0;32m  OK  [0m] Started ACPI Events Check.
[[0;32m  OK  [0m] Reached target Paths.
[[0;32m  OK  [0m] Listening on UUID daemon activation socket.
[[0;32m  OK  [0m] Started Daily Cleanup of Temporary Directories.
[[0;32m  OK  [0m] Listening on Open-iSCSI iscsid Socket.
         Starting Socket activation for snappy daemon.
[[0;32m  OK  [0m] Listening on ACPID Listen Socket.
[[0;32m  OK  [0m] Listening on cloud-init hotplug hook socket.
[[0;32m  OK  [0m] Started Daily apt download activities.
[[0;32m  OK  [0m] Started Ubuntu Advantage Timer for running repeated jobs.
         Starting LXD - unix socket.
[[0;32m  OK  [0m] Started Daily apt upgrade and clean activities.
[[0;32m  OK  [0m] Reached target Timers.
[[0;32m  OK  [0m] Reached target Cloud-config availability.
[[0;32m  OK  [0m] Reached target Network is Online.
         Starting Availability of block devices...
[[0;32m  OK  [0m] Reached target Remote File Systems (Pre).
[[0;32m  OK  [0m] Reached target Remote File Systems.
[[0;32m  OK  [0m] Listening on Socket activation for snappy daemon.
[[0;32m  OK  [0m] Listening on LXD - unix socket.
[[0;32m  OK  [0m] Reached target Sockets.
[[0;32m  OK  [0m] Reached target Basic System.
         Starting Virtualbox guest utils...
         Starting LXD - container startup/shutdown...
         Starting System Logging Service...
         Starting Dispatcher daemon for systemd-networkd...
         Starting Login Service...
[[0;32m  OK  [0m] Started FUSE filesystem for LXC.
[[0;32m  OK  [0m] Started Regular background program processing daemon.
         Starting LSB: Record successful boot for GRUB...
[[0;32m  OK  [0m] Started D-Bus System Message Bus.
[[0;32m  OK  [0m] Started Login Service.
[[0;32m  OK  [0m] Started Deferred execution scheduler.
         Starting LSB: automatic crash report generation...
         Starting Permit User Sessions...
         Starting Pollinate to seed the pseudo random number generator...
[[0;32m  OK  [0m] Started Unattended Upgrades Shutdown.
         Starting Snap Daemon...
[[0;32m  OK  [0m] Started irqbalance daemon.
         Starting Accounts Service...
[[0;32m  OK  [0m] Started System Logging Service.
[[0;32m  OK  [0m] Started Availability of block devices.
[[0;32m  OK  [0m] Started LXD - container startup/shutdown.
[[0;32m  OK  [0m] Started Permit User Sessions.
         Starting Terminate Plymouth Boot Screen...
         Starting Hold until boot process finishes up...
[[0;32m  OK  [0m] Started Hold until boot process finishes up.
[[0;32m  OK  [0m] Started Serial Getty on ttyS0.
         Starting Set console scheme...
[[0;32m  OK  [0m] Started Terminate Plymouth Boot Screen.
[[0;32m  OK  [0m] Started Set console scheme.
[[0;32m  OK  [0m] Created slice system-getty.slice.
[[0;32m  OK  [0m] Started Getty on tty1.
[[0;32m  OK  [0m] Reached target Login Prompts.
[[0;32m  OK  [0m] Started Dispatcher daemon for systemd-networkd.
[[0;32m  OK  [0m] Started LSB: automatic crash report generation.
[[0;32m  OK  [0m] Started Virtualbox guest utils.
[[0;32m  OK  [0m] Started LSB: Record successful boot for GRUB.
         Starting Authorization Manager...
[[0;32m  OK  [0m] Started Authorization Manager.
[[0;32m  OK  [0m] Started Accounts Service.
[[0;32m  OK  [0m] Started Snap Daemon.
         Starting Wait until snapd is fully seeded...
[[0;32m  OK  [0m] Started Pollinate to seed the pseudo random number generator.
         Starting OpenBSD Secure Shell server...
[[0;32m  OK  [0m] Started OpenBSD Secure Shell server.
         Starting Time & Date Service...
[[0;32m  OK  [0m] Started Time & Date Service.
[[0;32m  OK  [0m] Started Wait until snapd is fully seeded.
         Starting Apply the settings specified in cloud-config...
[   17.886447] cloud-init[1425]: Cloud-init v. 22.3.4-0ubuntu1~18.04.1 running 'modules:config' at Sat, 22 Oct 2022 10:02:16 +0000. Up 17.36 seconds.
[[0;32m  OK  [0m] Started Apply the settings specified in cloud-config.
[[0;32m  OK  [0m] Reached target Multi-User System.
[[0;32m  OK  [0m] Reached target Graphical Interface.
         Starting Update UTMP about System Runlevel Changes...
         Starting Execute cloud user/final scripts...
[[0;32m  OK  [0m] Started Update UTMP about System Runlevel Changes.
[[0;32m  OK  [0m] Created slice User Slice of vagrant.
         Starting User Manager for UID 1000...
[[0;32m  OK  [0m] Started Session 1 of user vagrant.
ci-info: no authorized SSH keys fingerprints found for user ubuntu.
<14>Oct 22 10:02:18 cloud-init: #############################################################
<14>Oct 22 10:02:18 cloud-init: -----BEGIN SSH HOST KEY FINGERPRINTS-----
<14>Oct 22 10:02:18 cloud-init: 1024 SHA256:YPDFxLFCTN+sQjrNYzjpS2WsQCuuuFQnoTIp2g4u8iI root@ubuntu-bionic (DSA)
<14>Oct 22 10:02:18 cloud-init: 256 SHA256:xU1Oti7SV0HQdFSt4S1qLTmjBRs35YJ0F8s6HoKXn/U root@ubuntu-bionic (ECDSA)
<14>Oct 22 10:02:18 cloud-init: 256 SHA256:VvIL69wf2a9Wu8Ij/lHXVJmCGvckaGD2tfumghFf3Oo root@ubuntu-bionic (ED25519)
<14>Oct 22 10:02:18 cloud-init: 2048 SHA256:86qLN2Mz0f4JlGzo4eNG4xgHCiI4XSr2FrP4Oao+2ZY root@ubuntu-bionic (RSA)
<14>Oct 22 10:02:18 cloud-init: -----END SSH HOST KEY FINGERPRINTS-----
<14>Oct 22 10:02:18 cloud-init: #############################################################
-----BEGIN SSH HOST KEY KEYS-----
ecdsa-sha2-nistp256 AAAAE2VjZHNhLXNoYTItbmlzdHAyNTYAAAAIbmlzdHAyNTYAAABBBIIyewIaBXfOdqL531ai9ySo1WVwtzcKkIRYEPnKPtKMWu6lP13kihWOyvWJwKpqqLsu3LE01lO4Z+XyaznUwuQ= root@ubuntu-bionic
ssh-ed25519 AAAAC3NzaC1lZDI1NTE5AAAAILYz3tQ07GjdOc4qd70nRm6wLx5z/0dDHV9bp/Obfy4t root@ubuntu-bionic
ssh-rsa AAAAB3NzaC1yc2EAAAADAQABAAABAQDGDUFa6HPYXMcX1aABcapinX02YcdJLiLjdPRXWVbD8dKRm6DalX4XPKOvB3Sq5nnWvV3Kxd7Wf/7/aKost/J4WItBOelw5pByuvsAoFi/DMcrAL49jUrEjz/UrZMxOl+9hKHwScweRg4n3yQroHLEsEF7RbIutzH65fOh35Z2RQp+KUdBKx/w7k13DTO+eDeexGFBp+ATwoJxcFNvxJnKMeTypv7j7TKvLQL16b9Q2XB4drWDB8dgIpGL2p1naPookRXzu+bgjoLZavSmjAp1pFGN8Zrr60+Y44oxB1Yr2uOeW96AhgSqObMfJl2EIZAYGyI/aRRO76kv/1YxSPz1 root@ubuntu-bionic
-----END SSH HOST KEY KEYS-----
[[0;32m  OK  [0m] Started User Manager for UID 1000.
[   18.541796] cloud-init[1484]: Cloud-init v. 22.3.4-0ubuntu1~18.04.1 running 'modules:final' at Sat, 22 Oct 2022 10:02:17 +0000. Up 18.28 seconds.
[[0;32m  OK  [0m] Started Execute cloud user/final scripts.
[[0;32m  OK  [0m] Reached target Cloud-init target.
[   18.590099] cloud-init[1484]: Cloud-init v. 22.3.4-0ubuntu1~18.04.1 finished at Sat, 22 Oct 2022 10:02:18 +0000. Datasource DataSourceNoCloud [seed=/dev/sdb][dsmode=net].  Up 18.53 seconds

Ubuntu 18.04.6 LTS ubuntu-bionic ttyS0

ubuntu-bionic login: 