[    0.000000] Linux version 4.15.0-194-generic (buildd@lcy02-amd64-052) (gcc version 7.5.0 (Ubuntu 7.5.0-3ubuntu1~18.04)) #205-Ubuntu SMP Fri Sep 16 19:49:27 UTC 2022 (Ubuntu 4.15.0-194.205-generic 4.15.18)
[    0.000000] Command line: BOOT_IMAGE=/boot/vmlinuz-4.15.0-194-generic root=LABEL=cloudimg-rootfs ro console=tty1 console=ttyS0
[    0.000000] KERNEL supported cpus:
[    0.000000]   Intel GenuineIntel
[    0.000000]   AMD AuthenticAMD
[    0.000000]   Centaur CentaurHauls
[    0.000000] x86/fpu: x87 FPU will use FXSAVE
[    0.000000] e820: BIOS-provided physical RAM map:
[    0.000000] BIOS-e820: [mem 0x0000000000000000-0x000000000009fbff] usable
[    0.000000] BIOS-e820: [mem 0x000000000009fc00-0x000000000009ffff] reserved
[    0.000000] BIOS-e820: [mem 0x00000000000f0000-0x00000000000fffff] reserved
[    0.000000] BIOS-e820: [mem 0x0000000000100000-0x000000003ffeffff] usable
[    0.000000] BIOS-e820: [mem 0x000000003fff0000-0x000000003fffffff] ACPI data
[    0.000000] BIOS-e820: [mem 0x00000000fec00000-0x00000000fec00fff] reserved
[    0.000000] BIOS-e820: [mem 0x00000000fee00000-0x00000000fee00fff] reserved
[    0.000000] BIOS-e820: [mem 0x00000000fffc0000-0x00000000ffffffff] reserved
[    0.000000] NX (Execute Disable) protection: active
[    0.000000] SMBIOS 2.5 present.
[    0.000000] DMI: innotek GmbH VirtualBox/VirtualBox, BIOS VirtualBox 12/01/2006
[    0.000000] Hypervisor detected: KVM
[    0.000000] e820: last_pfn = 0x3fff0 max_arch_pfn = 0x400000000
[    0.000000] MTRR: Disabled
[    0.000000] x86/PAT: MTRRs disabled, skipping PAT initialization too.
[    0.000000] CPU MTRRs all blank - virtualized system.
[    0.000000] x86/PAT: Configuration [0-7]: WB  WT  UC- UC  WB  WT  UC- UC  
[    0.000000] found SMP MP-table at [mem 0x0009fff0-0x0009ffff]
[    0.000000] Scanning 1 areas for low memory corruption
[    0.000000] RAMDISK: [mem 0x359cb000-0x36cdcfff]
[    0.000000] ACPI: Early table checksum verification disabled
[    0.000000] ACPI: RSDP 0x00000000000E0000 000024 (v02 VBOX  )
[    0.000000] ACPI: XSDT 0x000000003FFF0030 00003C (v01 VBOX   VBOXXSDT 00000001 ASL  00000061)
[    0.000000] ACPI: FACP 0x000000003FFF00F0 0000F4 (v04 VBOX   VBOXFACP 00000001 ASL  00000061)
[    0.000000] ACPI: DSDT 0x000000003FFF0610 002353 (v02 VBOX   VBOXBIOS 00000002 INTL 20100528)
[    0.000000] ACPI: FACS 0x000000003FFF0200 000040
[    0.000000] ACPI: FACS 0x000000003FFF0200 000040
[    0.000000] ACPI: APIC 0x000000003FFF0240 00005C (v02 VBOX   VBOXAPIC 00000001 ASL  00000061)
[    0.000000] ACPI: SSDT 0x000000003FFF02A0 00036C (v01 VBOX   VBOXCPUT 00000002 INTL 20100528)
[    0.000000] ACPI: Reserving FACP table memory at [mem 0x3fff00f0-0x3fff01e3]
[    0.000000] ACPI: Reserving DSDT table memory at [mem 0x3fff0610-0x3fff2962]
[    0.000000] ACPI: Reserving FACS table memory at [mem 0x3fff0200-0x3fff023f]
[    0.000000] ACPI: Reserving FACS table memory at [mem 0x3fff0200-0x3fff023f]
[    0.000000] ACPI: Reserving APIC table memory at [mem 0x3fff0240-0x3fff029b]
[    0.000000] ACPI: Reserving SSDT table memory at [mem 0x3fff02a0-0x3fff060b]
[    0.000000] No NUMA configuration found
[    0.000000] Faking a node at [mem 0x0000000000000000-0x000000003ffeffff]
[    0.000000] NODE_DATA(0) allocated [mem 0x3ffc5000-0x3ffeffff]
[    0.000000] kvm-clock: cpu 0, msr 0:3ff44001, primary cpu clock
[    0.000000] kvm-clock: Using msrs 4b564d01 and 4b564d00
[    0.000000] kvm-clock: using sched offset of 3937792629 cycles
[    0.000000] clocksource: kvm-clock: mask: 0xffffffffffffffff max_cycles: 0x1cd42e4dffb, max_idle_ns: 881590591483 ns
[    0.000000] Zone ranges:
[    0.000000]   DMA      [mem 0x0000000000001000-0x0000000000ffffff]
[    0.000000]   DMA32    [mem 0x0000000001000000-0x000000003ffeffff]
[    0.000000]   Normal   empty
[    0.000000]   Device   empty
[    0.000000] Movable zone start for each node
[    0.000000] Early memory node ranges
[    0.000000]   node   0: [mem 0x0000000000001000-0x000000000009efff]
[    0.000000]   node   0: [mem 0x0000000000100000-0x000000003ffeffff]
[    0.000000] Reserved but unavailable: 104 pages
[    0.000000] Initmem setup node 0 [mem 0x0000000000001000-0x000000003ffeffff]
[    0.000000] ACPI: PM-Timer IO Port: 0x4008
[    0.000000] IOAPIC[0]: apic_id 2, version 32, address 0xfec00000, GSI 0-23
[    0.000000] ACPI: INT_SRC_OVR (bus 0 bus_irq 0 global_irq 2 dfl dfl)
[    0.000000] ACPI: INT_SRC_OVR (bus 0 bus_irq 9 global_irq 9 low level)
[    0.000000] Using ACPI (MADT) for SMP configuration information
[    0.000000] smpboot: Allowing 2 CPUs, 0 hotplug CPUs
[    0.000000] PM: Registered nosave memory: [mem 0x00000000-0x00000fff]
[    0.000000] PM: Registered nosave memory: [mem 0x0009f000-0x0009ffff]
[    0.000000] PM: Registered nosave memory: [mem 0x000a0000-0x000effff]
[    0.000000] PM: Registered nosave memory: [mem 0x000f0000-0x000fffff]
[    0.000000] e820: [mem 0x40000000-0xfebfffff] available for PCI devices
[    0.000000] Booting paravirtualized kernel on KVM
[    0.000000] clocksource: refined-jiffies: mask: 0xffffffff max_cycles: 0xffffffff, max_idle_ns: 7645519600211568 ns
[    0.000000] setup_percpu: NR_CPUS:8192 nr_cpumask_bits:2 nr_cpu_ids:2 nr_node_ids:1
[    0.000000] percpu: Embedded 50 pages/cpu s167936 r8192 d28672 u1048576
[    0.000000] PV qspinlock hash table entries: 256 (order: 0, 4096 bytes)
[    0.000000] Built 1 zonelists, mobility grouping on.  Total pages: 257913
[    0.000000] Policy zone: DMA32
[    0.000000] Kernel command line: BOOT_IMAGE=/boot/vmlinuz-4.15.0-194-generic root=LABEL=cloudimg-rootfs ro console=tty1 console=ttyS0
[    0.000000] Memory: 982652K/1048120K available (12300K kernel code, 2477K rwdata, 4320K rodata, 2472K init, 2720K bss, 65468K reserved, 0K cma-reserved)
[    0.000000] SLUB: HWalign=64, Order=0-3, MinObjects=0, CPUs=2, Nodes=1
[    0.000000] Kernel/User page tables isolation: enabled
[    0.000000] ftrace: allocating 39477 entries in 155 pages
[    0.004000] Hierarchical RCU implementation.
[    0.004000] 	RCU restricting CPUs from NR_CPUS=8192 to nr_cpu_ids=2.
[    0.004000] 	Tasks RCU enabled.
[    0.004000] RCU: Adjusting geometry for rcu_fanout_leaf=16, nr_cpu_ids=2
[    0.004000] NR_IRQS: 524544, nr_irqs: 440, preallocated irqs: 16
[    0.004000] random: crng init done
[    0.004000] Console: colour VGA+ 80x25
[    0.004000] console [tty1] enabled
[    0.004000] console [ttyS0] enabled
[    0.004000] ACPI: Core revision 20170831
[    0.004000] ACPI: 2 ACPI AML tables successfully acquired and loaded
[    0.004000] APIC: Switch to symmetric I/O mode setup
[    0.008000] ..TIMER: vector=0x30 apic1=0 pin1=2 apic2=-1 pin2=-1
[    0.008002] tsc: Detected 3192.008 MHz processor
[    0.012026] Calibrating delay loop (skipped) preset value.. 6384.01 BogoMIPS (lpj=12768032)
[    0.016003] pid_max: default: 32768 minimum: 301
[    0.020080] Security Framework initialized
[    0.024006] Yama: becoming mindful.
[    0.028130] AppArmor: AppArmor initialized
[    0.036589] Dentry cache hash table entries: 131072 (order: 8, 1048576 bytes)
[    0.042301] Inode-cache hash table entries: 65536 (order: 7, 524288 bytes)
[    0.044083] Mount-cache hash table entries: 2048 (order: 2, 16384 bytes)
[    0.048081] Mountpoint-cache hash table entries: 2048 (order: 2, 16384 bytes)
[    0.053934] Last level iTLB entries: 4KB 64, 2MB 8, 4MB 8
[    0.056003] Last level dTLB entries: 4KB 64, 2MB 0, 4MB 0, 1GB 4
[    0.060004] Spectre V1 : Mitigation: usercopy/swapgs barriers and __user pointer sanitization
[    0.064002] Spectre V2 : Mitigation: Retpolines
[    0.068002] Spectre V2 : Spectre v2 / SpectreRSB mitigation: Filling RSB on context switch
[    0.072003] Speculative Store Bypass: Vulnerable
[    0.076075] MDS: Mitigation: Clear CPU buffers
[    0.080002] MMIO Stale Data: Mitigation: Clear CPU buffers
[    0.084006] SRBDS: Unknown: Dependent on hypervisor status
[    0.088153] Freeing SMP alternatives memory: 36K
[    0.212685] smpboot: CPU0: Intel(R) Core(TM) i7-8700 CPU @ 3.20GHz (family: 0x6, model: 0x9e, stepping: 0xa)
[    0.216565] Performance Events: unsupported p6 CPU model 158 no PMU driver, software events only.
[    0.220136] Hierarchical SRCU implementation.
[    0.224841] NMI watchdog: Perf event create on CPU 0 failed with -2
[    0.232003] NMI watchdog: Perf NMI watchdog permanently disabled
[    0.236320] smp: Bringing up secondary CPUs ...
[    0.240970] x86: Booting SMP configuration:
[    0.244002] .... node  #0, CPUs:      #1
[    0.004000] kvm-clock: cpu 1, msr 0:3ff44041, secondary cpu clock
[    0.258282] TSC synchronization [CPU#0 -> CPU#1]:
[    0.260000] Measured 63919 cycles TSC warp between CPUs, turning off TSC clock.
[    0.260000] tsc: Marking TSC unstable due to check_tsc_sync_source failed
[    0.260176] smp: Brought up 1 node, 2 CPUs
[    0.264005] smpboot: Max logical packages: 1
[    0.267440] smpboot: Total of 2 processors activated (12768.03 BogoMIPS)
[    0.268617] devtmpfs: initialized
[    0.272111] x86/mm: Memory block size: 128MB
[    0.276407] evm: security.selinux
[    0.280003] evm: security.SMACK64
[    0.284003] evm: security.SMACK64EXEC
[    0.288002] evm: security.SMACK64TRANSMUTE
[    0.292003] evm: security.SMACK64MMAP
[    0.296002] evm: security.apparmor
[    0.299462] evm: security.ima
[    0.300002] evm: security.capability
[    0.308276] clocksource: jiffies: mask: 0xffffffff max_cycles: 0xffffffff, max_idle_ns: 7645041785100000 ns
[    0.312008] futex hash table entries: 512 (order: 3, 32768 bytes)
[    0.316227] pinctrl core: initialized pinctrl subsystem
[    0.320522] RTC time: 10:56:39, date: 10/22/22
[    0.328901] NET: Registered protocol family 16
[    0.332130] audit: initializing netlink subsys (disabled)
[    0.336209] audit: type=2000 audit(1666436204.299:1): state=initialized audit_enabled=0 res=1
[    0.348006] cpuidle: using governor ladder
[    0.352007] cpuidle: using governor menu
[    0.356035] ACPI: bus type PCI registered
[    0.359370] acpiphp: ACPI Hot Plug PCI Controller Driver version: 0.5
[    0.360628] PCI: Using configuration type 1 for base access
[    0.372108] HugeTLB registered 2.00 MiB page size, pre-allocated 0 pages
[    0.380434] ACPI: Added _OSI(Module Device)
[    0.384101] ACPI: Added _OSI(Processor Device)
[    0.388006] ACPI: Added _OSI(3.0 _SCP Extensions)
[    0.392002] ACPI: Added _OSI(Processor Aggregator Device)
[    0.396003] ACPI: Added _OSI(Linux-Dell-Video)
[    0.400006] ACPI: Added _OSI(Linux-Lenovo-NV-HDMI-Audio)
[    0.404003] ACPI: Added _OSI(Linux-HPI-Hybrid-Graphics)
[    0.412639] ACPI: Executed 1 blocks of module-level executable AML code
[    0.422850] ACPI: Interpreter enabled
[    0.424014] ACPI: (supports S0 S5)
[    0.428002] ACPI: Using IOAPIC for interrupt routing
[    0.432384] PCI: Using host bridge windows from ACPI; if necessary, use "pci=nocrs" and report a bug
[    0.436249] ACPI: Enabled 2 GPEs in block 00 to 07
[    0.452531] ACPI: PCI Root Bridge [PCI0] (domain 0000 [bus 00-ff])
[    0.456017] acpi PNP0A03:00: _OSC: OS supports [ASPM ClockPM Segments MSI]
[    0.460722] acpi PNP0A03:00: _OSC: not requesting OS control; OS requires [ExtendedConfig ASPM ClockPM MSI]
[    0.464011] acpi PNP0A03:00: fail to add MMCONFIG information, can't access extended PCI configuration space under this bridge.
[    0.468782] PCI host bridge to bus 0000:00
[    0.472003] pci_bus 0000:00: root bus resource [io  0x0000-0x0cf7 window]
[    0.476004] pci_bus 0000:00: root bus resource [io  0x0d00-0xffff window]
[    0.480005] pci_bus 0000:00: root bus resource [mem 0x000a0000-0x000bffff window]
[    0.484005] pci_bus 0000:00: root bus resource [mem 0x40000000-0xfdffffff window]
[    0.488005] pci_bus 0000:00: root bus resource [bus 00-ff]
[    0.498205] pci 0000:00:01.1: legacy IDE quirk: reg 0x10: [io  0x01f0-0x01f7]
[    0.500003] pci 0000:00:01.1: legacy IDE quirk: reg 0x14: [io  0x03f6]
[    0.504003] pci 0000:00:01.1: legacy IDE quirk: reg 0x18: [io  0x0170-0x0177]
[    0.508005] pci 0000:00:01.1: legacy IDE quirk: reg 0x1c: [io  0x0376]
[    0.536004] pci 0000:00:07.0: quirk: [io  0x4000-0x403f] claimed by PIIX4 ACPI
[    0.544039] pci 0000:00:07.0: quirk: [io  0x4100-0x410f] claimed by PIIX4 SMB
[    0.558114] ACPI: PCI Interrupt Link [LNKA] (IRQs 5 9 10 *11)
[    0.560512] ACPI: PCI Interrupt Link [LNKB] (IRQs 5 9 *10 11)
[    0.564196] ACPI: PCI Interrupt Link [LNKC] (IRQs 5 *9 10 11)
[    0.568194] ACPI: PCI Interrupt Link [LNKD] (IRQs 5 9 10 *11)
[    0.572774] SCSI subsystem initialized
[    0.580135] pci 0000:00:02.0: vgaarb: setting as boot VGA device
[    0.584000] pci 0000:00:02.0: vgaarb: VGA device added: decodes=io+mem,owns=io+mem,locks=none
[    0.584009] pci 0000:00:02.0: vgaarb: bridge control possible
[    0.588004] vgaarb: loaded
[    0.590722] ACPI: bus type USB registered
[    0.592043] usbcore: registered new interface driver usbfs
[    0.596011] usbcore: registered new interface driver hub
[    0.600020] usbcore: registered new device driver usb
[    0.604401] EDAC MC: Ver: 3.0.0
[    0.612163] PCI: Using ACPI for IRQ routing
[    0.616725] NetLabel: Initializing
[    0.620002] NetLabel:  domain hash size = 128
[    0.624004] NetLabel:  protocols = UNLABELED CIPSOv4 CALIPSO
[    0.628022] NetLabel:  unlabeled traffic allowed by default
[    0.632222] clocksource: Switched to clocksource kvm-clock
[    0.663118] VFS: Disk quotas dquot_6.6.0
[    0.663118] VFS: Dquot-cache hash table entries: 512 (order 0, 4096 bytes)
[    0.663118] AppArmor: AppArmor Filesystem Enabled
[    0.663118] pnp: PnP ACPI init
[    0.663118] pnp: PnP ACPI: found 3 devices
[    0.751210] clocksource: acpi_pm: mask: 0xffffff max_cycles: 0xffffff, max_idle_ns: 2085701024 ns
[    0.752658] NET: Registered protocol family 2
[    0.752658] IP idents hash table entries: 16384 (order: 5, 131072 bytes)
[    0.772800] TCP established hash table entries: 8192 (order: 4, 65536 bytes)
[    0.780048] TCP bind hash table entries: 8192 (order: 5, 131072 bytes)
[    0.787087] TCP: Hash tables configured (established 8192 bind 8192)
[    0.790497] UDP hash table entries: 512 (order: 2, 16384 bytes)
[    0.790497] UDP-Lite hash table entries: 512 (order: 2, 16384 bytes)
[    0.790497] NET: Registered protocol family 1
[    0.790497] pci 0000:00:00.0: Limiting direct PCI/PCI transfers
[    0.790497] pci 0000:00:01.0: Activating ISA DMA hang workarounds
[    0.790497] pci 0000:00:02.0: Video device with shadowed ROM at [mem 0x000c0000-0x000dffff]
[    0.790497] Unpacking initramfs...
[    1.294326] Freeing initrd memory: 19528K
[    1.298693] clocksource: tsc: mask: 0xffffffffffffffff max_cycles: 0x2e02cc61d1f, max_idle_ns: 440795332860 ns
[    1.308575] platform rtc_cmos: registered platform RTC device (no PNP device found)
[    1.316253] Scanning for low memory corruption every 60 seconds
[    1.326327] Initialise system trusted keyrings
[    1.330963] Key type blacklist registered
[    1.335357] workingset: timestamp_bits=36 max_order=18 bucket_order=0
[    1.345090] zbud: loaded
[    1.349303] squashfs: version 4.0 (2009/01/31) Phillip Lougher
[    1.356531] fuse init (API version 7.26)
[    1.398224] Key type asymmetric registered
[    1.402290] Asymmetric key parser 'x509' registered
[    1.406987] Block layer SCSI generic (bsg) driver version 0.4 loaded (major 246)
[    1.414399] io scheduler noop registered
[    1.418723] io scheduler deadline registered
[    1.422596] io scheduler cfq registered (default)
[    1.428576] ACPI: AC Adapter [AC] (on-line)
[    1.432157] input: Power Button as /devices/LNXSYSTM:00/LNXPWRBN:00/input/input0
[    1.439252] ACPI: Power Button [PWRF]
[    1.444018] input: Sleep Button as /devices/LNXSYSTM:00/LNXSLPBN:00/input/input1
[    1.450431] ACPI: Sleep Button [SLPF]
[    1.455090] Serial: 8250/16550 driver, 32 ports, IRQ sharing enabled
[    1.490347] 00:02: ttyS0 at I/O 0x3f8 (irq = 4, base_baud = 115200) is a 16550A
[    1.516736] Linux agpgart interface v0.103
[    1.531221] loop: module loaded
[    1.537105] scsi host0: ata_piix
[    1.542479] scsi host1: ata_piix
[    1.546314] ata1: PATA max UDMA/33 cmd 0x1f0 ctl 0x3f6 bmdma 0xd000 irq 14
[    1.550233] ata2: PATA max UDMA/33 cmd 0x170 ctl 0x376 bmdma 0xd008 irq 15
[    1.560119] tun: Universal TUN/TAP device driver, 1.6
[    1.566598] PPP generic driver version 2.4.2
[    1.571332] ehci_hcd: USB 2.0 'Enhanced' Host Controller (EHCI) Driver
[    1.577519] ehci-pci: EHCI PCI platform driver
[    1.581927] ehci-platform: EHCI generic platform driver
[    1.587359] ohci_hcd: USB 1.1 'Open' Host Controller (OHCI) Driver
[    1.594400] ohci-pci: OHCI PCI platform driver
[    1.599074] ohci-platform: OHCI generic platform driver
[    1.604839] uhci_hcd: USB Universal Host Controller Interface driver
[    1.613201] i8042: PNP: PS/2 Controller [PNP0303:PS2K,PNP0f03:PS2M] at 0x60,0x64 irq 1,12
[    1.625891] serio: i8042 KBD port at 0x60,0x64 irq 1
[    1.630873] serio: i8042 AUX port at 0x60,0x64 irq 12
[    1.636916] mousedev: PS/2 mouse device common for all mice
[    1.646965] rtc_cmos rtc_cmos: rtc core: registered rtc_cmos as rtc0
[    1.655570] input: AT Translated Set 2 keyboard as /devices/platform/i8042/serio0/input/input2
[    1.656626] rtc_cmos rtc_cmos: alarms up to one day, 114 bytes nvram
[    1.674092] i2c /dev entries driver
[    1.680239] device-mapper: uevent: version 1.0.3
[    1.687008] device-mapper: ioctl: 4.37.0-ioctl (2017-09-20) initialised: dm-devel@redhat.com
[    1.696705] ledtrig-cpu: registered to indicate activity on CPUs
[    1.705434] NET: Registered protocol family 10
[    1.719730] Segment Routing with IPv6
[    1.728357] NET: Registered protocol family 17
[    1.753650] Key type dns_resolver registered
[    1.783097] mce: Using 0 MCE banks
[    1.787545] RAS: Correctable Errors collector initialized.
[    1.793459] sched_clock: Marking stable (1793332614, 0)->(2583015358, -789682744)
[    1.802261] registered taskstats version 1
[    1.806012] Loading compiled-in X.509 certificates
[    1.815292] Loaded X.509 cert 'Build time autogenerated kernel key: 6303a3b02fa1c7713b8a75ba7ba622fabd5dd271'
[    1.824683] Loaded X.509 cert 'Canonical Ltd. Live Patch Signing: 14df34d1a87cf37625abec039ef2bf521249b969'
[    1.833973] Loaded X.509 cert 'Canonical Ltd. Kernel Module Signing: 88f752e560a1e0737e31163a466ad7b70a850c19'
[    1.844261] blacklist: Loading compiled-in revocation X.509 certificates
[    1.853165] Loaded X.509 cert 'Canonical Ltd. Secure Boot Signing: 61482aa2830d0ab2ad5af10b7250da9033ddcef0'
[    1.865296] zswap: loaded using pool lzo/zbud
[    1.879699] Key type big_key registered
[    1.883827] Key type trusted registered
[    1.893726] Key type encrypted registered
[    1.898491] AppArmor: AppArmor sha1 policy hashing enabled
[    1.903437] ima: No TPM chip found, activating TPM-bypass! (rc=-19)
[    1.909835] ima: Allocated hash algorithm: sha1
[    1.914547] evm: HMAC attrs: 0x1
[    1.918864]   Magic number: 10:628:932
[    1.923395]   hash matches /build/linux-gveVdf/linux-4.15.0/drivers/base/power/main.c:753
[    1.932199] rtc_cmos rtc_cmos: setting system clock to 2022-10-22 10:56:41 UTC (1666436201)
[    1.940962] BIOS EDD facility v0.16 2004-Jun-25, 0 devices found
[    1.947246] EDD information not available.
[    1.954470] Freeing unused kernel image memory: 2472K
[    1.987947] Write protecting the kernel read-only data: 20480k
[    1.996315] Freeing unused kernel image memory: 2008K
[    2.002593] Freeing unused kernel image memory: 1824K
[    2.014112] x86/mm: Checked W+X mappings: passed, no W+X pages found.
[    2.019535] x86/mm: Checking user space page tables
[    2.030573] x86/mm: Checked W+X mappings: passed, no W+X pages found.
Loading, please wait...
starting version 237
[    2.113392] Fusion MPT base driver 3.04.20
[    2.118896] Copyright (c) 1999-2008 LSI Corporation
[    2.128795] e1000: Intel(R) PRO/1000 Network Driver - version 7.3.21-k8-NAPI
[    2.137254] e1000: Copyright (c) 1999-2006 Intel Corporation.
[    2.175395] Fusion MPT SPI Host driver 3.04.20
[    2.820390] input: ImExPS/2 Generic Explorer Mouse as /devices/platform/i8042/serio1/input/input4
[    2.852864] e1000 0000:00:03.0 eth0: (PCI:33MHz:32-bit) 02:ef:f7:70:2e:71
[    2.860521] e1000 0000:00:03.0 eth0: Intel(R) PRO/1000 Network Connection
[    2.869453] mptbase: ioc0: Initiating bringup
[    2.870103] e1000 0000:00:03.0 enp0s3: renamed from eth0
[    2.994805] ioc0: LSI53C1030 A0: Capabilities={Initiator}
[    4.120994] scsi host2: ioc0: LSI53C1030 A0, FwRev=00000000h, Ports=1, MaxQ=256, IRQ=20
[    4.348947] scsi 2:0:0:0: Direct-Access     VBOX     HARDDISK         1.0  PQ: 0 ANSI: 5
[    4.847487] scsi target2:0:0: Beginning Domain Validation
[    4.860541] scsi target2:0:0: Domain Validation skipping write tests
[    4.865903] scsi target2:0:0: Ending Domain Validation
[    4.870654] scsi target2:0:0: asynchronous
[    4.876400] scsi 2:0:1:0: Direct-Access     VBOX     HARDDISK         1.0  PQ: 0 ANSI: 5
[    5.883612] scsi target2:0:1: Beginning Domain Validation
[    5.897593] scsi target2:0:1: Domain Validation skipping write tests
[    5.902978] scsi target2:0:1: Ending Domain Validation
[    5.909093] scsi target2:0:1: asynchronous
[    5.926228] sd 2:0:0:0: [sda] 83886080 512-byte logical blocks: (42.9 GB/40.0 GiB)
[    5.933363] sd 2:0:0:0: Attached scsi generic sg0 type 0
[    5.938325] sd 2:0:0:0: [sda] Write Protect is off
[    5.944605] sd 2:0:0:0: [sda] Incomplete mode parameter data
[    5.950376] sd 2:0:0:0: [sda] Assuming drive cache: write through
[    5.952474] sd 2:0:1:0: Attached scsi generic sg1 type 0
[    5.961695]  sda: sda1
[    5.967580] sd 2:0:1:0: [sdb] 20480 512-byte logical blocks: (10.5 MB/10.0 MiB)
[    5.969286] sd 2:0:0:0: [sda] Attached SCSI disk
[    5.979693] sd 2:0:1:0: [sdb] Write Protect is off
[    5.985958] sd 2:0:1:0: [sdb] Incomplete mode parameter data
[    5.992160] sd 2:0:1:0: [sdb] Assuming drive cache: write through
[    6.009845] sd 2:0:1:0: [sdb] Attached SCSI disk
Begin: Loading essential drivers ... [    8.088235] raid6: sse2x1   gen() 13698 MB/s
[    8.140842] raid6: sse2x1   xor() 10045 MB/s
[    8.192281] raid6: sse2x2   gen() 17036 MB/s
[    8.244124] raid6: sse2x2   xor() 11400 MB/s
[    8.298902] raid6: sse2x4   gen() 20167 MB/s
[    8.348295] raid6: sse2x4   xor() 12422 MB/s
[    8.352741] raid6: using algorithm sse2x4 gen() 20167 MB/s
[    8.359100] raid6: .... xor() 12422 MB/s, rmw enabled
[    8.364296] raid6: using ssse3x2 recovery algorithm
[    8.370837] xor: measuring software checksum speed
[   12.328500]    prefetch64-sse: 642718.704 MB/sec
[   13.408232]    generic_sse: 52195.000 MB/sec
[   13.412071] xor: using function: prefetch64-sse (642718.704 MB/sec)
[   13.420675] async_tx: api initialized (async)
done.
Begin: Running /scripts/init-premount ... done.
Begin: Mounting root file system ... Begin: Running /scripts/local-top ... done.
Begin: Running /scripts/local-premount ... [   13.483945] Btrfs loaded, crc32c=crc32c-intel
Scanning for Btrfs filesystems
done.
Warning: fsck not present, so skipping root file system
[   13.546348] EXT4-fs (sda1): mounted filesystem with ordered data mode. Opts: (null)
done.
Begin: Running /scripts/local-bottom ... done.
Begin: Running /scripts/init-bottom ... done.
[   13.842668] ip_tables: (C) 2000-2006 Netfilter Core Team
[   13.866014] systemd[1]: systemd 237 running in system mode. (+PAM +AUDIT +SELINUX +IMA +APPARMOR +SMACK +SYSVINIT +UTMP +LIBCRYPTSETUP +GCRYPT +GNUTLS +ACL +XZ +LZ4 +SECCOMP +BLKID +ELFUTILS +KMOD -IDN2 +IDN -PCRE2 default-hierarchy=hybrid)
[   13.889972] systemd[1]: Detected virtualization oracle.
[   13.895611] systemd[1]: Detected architecture x86-64.

Welcome to [1mUbuntu 18.04.6 LTS[0m!

[   13.928444] systemd[1]: Set hostname to <ubuntu-bionic>.
[   14.366311] systemd[1]: Created slice User and Session Slice.
[[0;32m  OK  [0m] Created slice User and Session Slice.
[   14.373336] systemd[1]: Reached target System Time Synchronized.
[[0;32m  OK  [0m] Reached target System Time Synchronized.
[   14.380691] systemd[1]: Created slice System Slice.
[[0;32m  OK  [0m] Created slice System Slice.
[   14.387526] systemd[1]: Created slice system-serial\x2dgetty.slice.
[[0;32m  OK  [0m] Created slice system-serial\x2dgetty.slice.
[   14.397117] systemd[1]: Listening on Device-mapper event daemon FIFOs.
[[0;32m  OK  [0m] Listening on Device-mapper event daemon FIFOs.
[   14.405097] systemd[1]: Listening on LVM2 poll daemon socket.
[[0;32m  OK  [0m] Listening on LVM2 poll daemon socket.
[[0;32m  OK  [0m] Listening on LVM2 metadata daemon socket.
[[0;32m  OK  [0m] Listening on Network Service Netlink Socket.
[[0;32m  OK  [0m] Listening on Syslog Socket.
[[0;32m  OK  [0m] Listening on Journal Socket.
         Mounting Kernel Debug File System...
         Starting Create list of required stâ€¦ce nodes for the current kernel...
[[0;32m  OK  [0m] Set up automount Arbitrary Executabâ€¦rmats File System Automount Point.
[[0;32m  OK  [0m] Listening on Journal Socket (/dev/log).
         Starting Set the console keyboard layout...
         Starting Uncomplicated firewall...
[[0;32m  OK  [0m] Listening on udev Control Socket.
         Mounting Huge Pages File System...
         Starting Load Kernel Modules...
[[0;32m  OK  [0m] Listening on fsck to fsckd communication Socket.
         Starting File System Check on Root Device...
[[0;32m  OK  [0m] Started Forward Password Requests to Wall Directory Watch.
[[0;32m  OK  [0m] Reached target Slices.
[[0;32m  OK  [0m] Listening on Journal Audit Socket.
         Starting Journal Service...
[[0;32m  OK  [0m] Reached target User and Group Name Lookups.
         Starting Monitoring of LVM2 mirrorsâ€¦ng dmeventd or progress polling...
         Mounting POSIX Message Queue File System...
[[0;32m  OK  [0m] Listening on /dev/initctl Compatibility Named Pipe.
[   14.510932] Loading iSCSI transport class v2.0-870.
[   14.521977] iscsi: registered transport (tcp)
[   14.545907] iscsi: registered transport (iser)
[[0;32m  OK  [0m] Reached target Swap.
[[0;32m  OK  [0m] Listening on udev Kernel Socket.
         Starting udev Coldplug all Devices...
[[0;32m  OK  [0m] Mounted Kernel Debug File System.
[[0;32m  OK  [0m] Started Create list of required staâ€¦vice nodes for the current kernel.
[[0;32m  OK  [0m] Started Uncomplicated firewall.
[[0;32m  OK  [0m] Mounted Huge Pages File System.
[[0;32m  OK  [0m] Started Load Kernel Modules.
[[0;32m  OK  [0m] Mounted POSIX Message Queue File System.
[[0;32m  OK  [0m] Started File System Check Daemon to report status.
[[0;32m  OK  [0m] Started LVM2 metadata daemon.
         Mounting Kernel Configuration File System...
         Mounting FUSE Control File System...
         Starting Apply Kernel Variables...
         Starting Create Static Device Nodes in /dev...
[[0;32m  OK  [0m] Mounted Kernel Configuration File System.
[[0;32m  OK  [0m] Mounted FUSE Control File System.
[[0;32m  OK  [0m] Started Journal Service.
[[0;32m  OK  [0m] Started udev Coldplug all Devices.
[[0;32m  OK  [0m] Started Create Static Device Nodes in /dev.
[[0;32m  OK  [0m] Started File System Check on Root Device.
         Starting Remount Root and Kernel File Systems...
[[0;32m  OK  [0m] Started Monitoring of LVM2 mirrors,â€¦sing dmeventd or progress polling.
[[0;32m  OK  [0m] Started Apply Kernel Variables.
[[0;32m  OK  [0m] Started Remount Root and Kernel File Systems.
         Starting Load/Save Random Seed...
         Starting Flush Journal to Persistent Storage...
         Starting udev Kernel Device Manager...
[[0;32m  OK  [0m] Started Set the console keyboard layout.
[[0;32m  OK  [0m] Started Load/Save Random Seed.
[[0;32m  OK  [0m] Reached target Local File Systems (Pre).
[[0;32m  OK  [0m] Reached target Local File Systems.
         Starting Tell Plymouth To Write Out Runtime Data...
         Starting AppArmor initialization...
         Starting Set console font and keymap...
         Starting ebtables ruleset management...
[[0;32m  OK  [0m] Started udev Kernel Device Manager.
[[0;32m  OK  [0m] Started Dispatch Password Requests to Console Directory Watch.
[[0;32m  OK  [0m] Reached target Local Encrypted Volumes.
[[0;32m  OK  [0m] Started Tell Plymouth To Write Out Runtime Data.
[[0;32m  OK  [0m] Started Set console font and keymap.
[[0;32m  OK  [0m] Started Flush Journal to Persistent Storage.
         Starting Create Volatile Files and Directories...
[[0;32m  OK  [0m] Started Create Volatile Files and Directories.
         Starting Update UTMP about System Boot/Shutdown...
[[0;32m  OK  [0m] Started Update UTMP about System Boot/Shutdown.
[[0;32m  OK  [0m] Started ebtables ruleset management.
[[0;32m  OK  [0m] Found device /dev/ttyS0.
[[0;32m  OK  [0m] Listening on Load/Save RF Kill Switch Status /dev/rfkill Watch.
[[0;32m  OK  [0m] Started AppArmor initialization.
         Starting Initial cloud-init job (pre-networking)...
         Starting Load AppArmor profiles managed internally by snapd...
[[0;32m  OK  [0m] Started Load AppArmor profiles managed internally by snapd.
[   17.075041] cloud-init[561]: Cloud-init v. 22.3.4-0ubuntu1~18.04.1 running 'init-local' at Sat, 22 Oct 2022 10:56:56 +0000. Up 16.89 seconds.
[[0;32m  OK  [0m] Started Initial cloud-init job (pre-networking).
[[0;32m  OK  [0m] Reached target Network (Pre).
         Starting Network Service...
[[0;32m  OK  [0m] Started Network Service.
         Starting Network Name Resolution...
         Starting Wait for Network to be Configured...
[[0;32m  OK  [0m] Started Network Name Resolution.
[[0;32m  OK  [0m] Reached target Network.
[[0;32m  OK  [0m] Reached target Host and Network Name Lookups.
[[0;32m  OK  [0m] Started Wait for Network to be Configured.
         Starting Initial cloud-init job (metadata service crawler)...
[   19.610026] cloud-init[675]: Cloud-init v. 22.3.4-0ubuntu1~18.04.1 running 'init' at Sat, 22 Oct 2022 10:56:59 +0000. Up 19.49 seconds.
[   19.616790] cloud-init[675]: ci-info: ++++++++++++++++++++++++++++++++++++++Net device info++++++++++++++++++++++++++++++++++++++
[   19.622391] cloud-init[675]: ci-info: +--------+------+----------------------------+---------------+--------+-------------------+
[   19.628102] cloud-init[675]: ci-info: | Device |  Up  |          Address           |      Mask     | Scope  |     Hw-Address    |
[   19.634067] cloud-init[675]: ci-info: +--------+------+----------------------------+---------------+--------+-------------------+
[   19.641091] cloud-init[675]: ci-info: | enp0s3 | True |         10.0.2.15          | 255.255.255.0 | global | 02:ef:f7:70:2e:71 |
[   19.647710] cloud-init[675]: ci-info: | enp0s3 | True | fe80::ef:f7ff:fe70:2e71/64 |       .       |  link  | 02:ef:f7:70:2e:71 |
[   19.654171] cloud-init[675]: ci-info: |   lo   | True |         127.0.0.1          |   255.0.0.0   |  host  |         .         |
[   19.660083] cloud-init[675]: ci-info: |   lo   | True |          ::1/128           |       .       |  host  |         .         |
[   19.666394] cloud-init[675]: ci-info: +--------+------+----------------------------+---------------+--------+-------------------+
[   19.669916] cloud-init[675]: ci-info: ++++++++++++++++++++++++++++Route IPv4 info+++++++++++++++++++++++++++++
[   19.673392] cloud-init[675]: ci-info: +-------+-------------+----------+-----------------+-----------+-------+
[   19.676657] cloud-init[675]: ci-info: | Route | Destination | Gateway  |     Genmask     | Interface | Flags |
[   19.679652] cloud-init[675]: ci-info: +-------+-------------+----------+-----------------+-----------+-------+
[   19.682636] cloud-init[675]: ci-info: |   0   |   0.0.0.0   | 10.0.2.2 |     0.0.0.0     |   enp0s3  |   UG  |
[   19.685700] cloud-init[675]: ci-info: |   1   |   10.0.2.0  | 0.0.0.0  |  255.255.255.0  |   enp0s3  |   U   |
[   19.689529] cloud-init[675]: ci-info: |   2   |   10.0.2.2  | 0.0.0.0  | 255.255.255.255 |   enp0s3  |   UH  |
[   19.692526] cloud-init[675]: ci-info: +-------+-------------+----------+-----------------+-----------+-------+
[   19.695501] cloud-init[675]: ci-info: +++++++++++++++++++Route IPv6 info+++++++++++++++++++
[   19.698531] cloud-init[675]: ci-info: +-------+-------------+---------+-----------+-------+
[   19.701110] cloud-init[675]: ci-info: | Route | Destination | Gateway | Interface | Flags |
[   19.703623] cloud-init[675]: ci-info: +-------+-------------+---------+-----------+-------+
[   19.706335] cloud-init[675]: ci-info: |   1   |  fe80::/64  |    ::   |   enp0s3  |   U   |
[   19.708949] cloud-init[675]: ci-info: |   3   |    local    |    ::   |   enp0s3  |   U   |
[   19.711495] cloud-init[675]: ci-info: |   4   |   ff00::/8  |    ::   |   enp0s3  |   U   |
[   19.714064] cloud-init[675]: ci-info: +-------+-------------+---------+-----------+-------+
[[0;32m  OK  [0m] Started Initial cloud-init job (metadata service crawler).
[[0;32m  OK  [0m] Reached target System Initialization.
[[0;32m  OK  [0m] Listening on Open-iSCSI iscsid Socket.
         Starting LXD - unix socket.
[[0;32m  OK  [0m] Listening on cloud-init hotplug hook socket.
[[0;32m  OK  [0m] Started Ubuntu Advantage Timer for running repeated jobs.
[[0;32m  OK  [0m] Listening on ACPID Listen Socket.
[[0;32m  OK  [0m] Listening on D-Bus System Message Bus Socket.
[[0;32m  OK  [0m] Started ACPI Events Check.
         Starting Socket activation for snappy daemon.
[[0;32m  OK  [0m] Started Daily Cleanup of Temporary Directories.
[[0;32m  OK  [0m] Listening on UUID daemon activation socket.
[[0;32m  OK  [0m] Started Discard unused blocks once a week.
[[0;32m  OK  [0m] Started Daily apt download activities.
[[0;32m  OK  [0m] Started Daily apt upgrade and clean activities.
[[0;32m  OK  [0m] Reached target Paths.
[[0;32m  OK  [0m] Started Message of the Day.
[[0;32m  OK  [0m] Reached target Timers.
[[0;32m  OK  [0m] Reached target Cloud-config availability.
[[0;32m  OK  [0m] Reached target Network is Online.
         Starting Availability of block devices...
[[0;32m  OK  [0m] Reached target Remote File Systems (Pre).
         Mounting /vagrant...
[[0;32m  OK  [0m] Listening on LXD - unix socket.
[[0;32m  OK  [0m] Listening on Socket activation for snappy daemon.
[[0;32m  OK  [0m] Started Availability of block devices.
[[0;32m  OK  [0m] Mounted /vagrant.
[[0;32m  OK  [0m] Reached target Remote File Systems.
[[0;32m  OK  [0m] Reached target Sockets.
[[0;32m  OK  [0m] Reached target Basic System.
         Starting Login Service...
         Starting LSB: Record successful boot for GRUB...
         Starting Dispatcher daemon for systemd-networkd...
[[0;32m  OK  [0m] Started D-Bus System Message Bus.
[[0;32m  OK  [0m] Started FUSE filesystem for LXC.
         Starting LSB: automatic crash report generation...
         Starting Virtualbox guest utils...
         Starting System Logging Service...
[[0;32m  OK  [0m] Started Deferred execution scheduler.
         Starting Accounts Service...
[[0;32m  OK  [0m] Started irqbalance daemon.
         Starting Permit User Sessions...
         Starting Snap Daemon...
[[0;32m  OK  [0m] Started Regular background program processing daemon.
         Starting OpenBSD Secure Shell server...
         Starting LXD - container startup/shutdown...
[[0;32m  OK  [0m] Started System Logging Service.
[[0;32m  OK  [0m] Started Permit User Sessions.
[[0;32m  OK  [0m] Started Login Service.
         Starting Authorization Manager...
[[0;32m  OK  [0m] Started Unattended Upgrades Shutdown.
         Starting Terminate Plymouth Boot Screen...
         Starting Hold until boot process finishes up...
[[0;32m  OK  [0m] Started Hold until boot process finishes up.
[[0;32m  OK  [0m] Started Serial Getty on ttyS0.
         Starting Set console scheme...
[[0;32m  OK  [0m] Started Terminate Plymouth Boot Screen.
[[0;32m  OK  [0m] Started Authorization Manager.
[[0;32m  OK  [0m] Started Accounts Service.
[[0;32m  OK  [0m] Started LSB: automatic crash report generation.
[[0;32m  OK  [0m] Started Set console scheme.
[[0;32m  OK  [0m] Created slice system-getty.slice.
[[0;32m  OK  [0m] Started Getty on tty1.
[[0;32m  OK  [0m] Reached target Login Prompts.
[[0;32m  OK  [0m] Started LSB: Record successful boot for GRUB.
[[0;32m  OK  [0m] Started Dispatcher daemon for systemd-networkd.
[[0;32m  OK  [0m] Started Virtualbox guest utils.
[[0;32m  OK  [0m] Started OpenBSD Secure Shell server.
[[0;32m  OK  [0m] Started LXD - container startup/shutdown.
[[0;32m  OK  [0m] Started Snap Daemon.
         Starting Wait until snapd is fully seeded...
         Starting Time & Date Service...
[[0;32m  OK  [0m] Started Time & Date Service.
[[0;32m  OK  [0m] Started Wait until snapd is fully seeded.
         Starting Apply the settings specified in cloud-config...
[   21.976651] cloud-init[1141]: Cloud-init v. 22.3.4-0ubuntu1~18.04.1 running 'modules:config' at Sat, 22 Oct 2022 10:57:01 +0000. Up 21.89 seconds.
[[0;32m  OK  [0m] Started Apply the settings specified in cloud-config.
[[0;32m  OK  [0m] Reached target Multi-User System.
[[0;32m  OK  [0m] Reached target Graphical Interface.
         Starting Update UTMP about System Runlevel Changes...
         Starting Execute cloud user/final scripts...
[[0;32m  OK  [0m] Started Update UTMP about System Runlevel Changes.
[   22.415058] cloud-init[1194]: Cloud-init v. 22.3.4-0ubuntu1~18.04.1 running 'modules:final' at Sat, 22 Oct 2022 10:57:01 +0000. Up 22.31 seconds.
[   22.420388] cloud-init[1194]: Cloud-init v. 22.3.4-0ubuntu1~18.04.1 finished at Sat, 22 Oct 2022 10:57:01 +0000. Datasource DataSourceNoCloud [seed=/dev/sdb][dsmode=net].  Up 22.40 seconds
[[0;32m  OK  [0m] Started Execute cloud user/final scripts.
[[0;32m  OK  [0m] Reached target Cloud-init target.

Ubuntu 18.04.6 LTS ubuntu-bionic ttyS0

ubuntu-bionic login: 